###############################################################################
#
# IAR ELF Linker V8.11.3.13950/W32 for ARM                17/Apr/2023  15:12:28
# Copyright 2007-2017 IAR Systems AB.
#
#    Output file  =  C:\Users\gaith\Desktop\CSE 475\STM32\Debug\Exe\See.out
#    Map file     =  C:\Users\gaith\Desktop\CSE 475\STM32\Debug\List\See.map
#    Command line =  
#        -f C:\Users\gaith\AppData\Local\Temp\EW17A2.tmp
#        ("C:\Users\gaith\Desktop\CSE 475\STM32\Debug\Obj\main.o"
#        "C:\Users\gaith\Desktop\CSE 475\STM32\Debug\Obj\misc.o"
#        "C:\Users\gaith\Desktop\CSE 475\STM32\Debug\Obj\startup_stm32f4xx.o"
#        "C:\Users\gaith\Desktop\CSE 475\STM32\Debug\Obj\stm32f4_discovery.o"
#        "C:\Users\gaith\Desktop\CSE 475\STM32\Debug\Obj\stm32f4xx_gpio.o"
#        "C:\Users\gaith\Desktop\CSE 475\STM32\Debug\Obj\stm32f4xx_it.o"
#        "C:\Users\gaith\Desktop\CSE 475\STM32\Debug\Obj\stm32f4xx_rcc.o"
#        "C:\Users\gaith\Desktop\CSE 475\STM32\Debug\Obj\system_stm32f4xx.o" -o
#        "C:\Users\gaith\Desktop\CSE 475\STM32\Debug\Exe\See.out" --redirect
#        _Printf=_PrintfFullNoMb --redirect _Scanf=_ScanfFullNoMb --map
#        "C:\Users\gaith\Desktop\CSE 475\STM32\Debug\List\See.map" --config
#        "C:\Users\gaith\Desktop\CSE 475\STM32\See.icf" --semihosting --entry
#        __iar_program_start --vfe --text_out locale)
#
###############################################################################

*******************************************************************************
*** RUNTIME MODEL ATTRIBUTES
***

CppFlavor       = *
__SystemLibrary = DLib
__dlib_version  = 6


*******************************************************************************
*** HEAP SELECTION
***

The basic heap was selected because some modules are built with
size limitations (and not runtime checking), and --advanced_heap
was not specified.


*******************************************************************************
*** PLACEMENT SUMMARY
***

"A0":  place at 0x08000000 { ro section .intvec };
"P1":  place in [from 0x08000000 to 0x080fffff] { ro };
define block CSTACK with size = 8K, alignment = 8 { };
"P3":  place in [from 0x10000000 to 0x1000ffff] {
          block CSTACK, section .ccram };

  Section   Kind        Address    Size  Object
  -------   ----        -------    ----  ------
"A0":                             0x188
  .intvec   ro code  0x08000000   0x188  startup_stm32f4xx.o [1]
                   - 0x08000188   0x188

"P1":                             0x468
  .text     ro code  0x08000188   0x154  system_stm32f4xx.o [1]
  .text     ro code  0x080002dc    0xa8  stm32f4xx_gpio.o [1]
  .text     ro code  0x08000384    0x44  main.o [1]
  .text     ro code  0x080003c8    0x24  stm32f4xx_rcc.o [1]
  .text     ro code  0x080003ec    0x22  fpinit_M.o [4]
  .text     ro code  0x08000410    0x1a  cmain.o [5]
  .text     ro code  0x0800042a     0x4  low_level_init.o [3]
  .text     ro code  0x0800042e     0x4  exit.o [3]
  .text     ro code  0x08000434     0xa  cexit.o [5]
  .text     ro code  0x08000440    0x14  exit.o [6]
  .text     ro code  0x08000454    0x12  stm32f4xx_it.o [1]
  .text     ro code  0x08000468    0x10  startup_stm32f4xx.o [1]
  .text     ro code  0x08000478     0xc  cstartup_M.o [5]
  .text     ro code  0x08000484     0x4  startup_stm32f4xx.o [1]
  .text     ro code  0x08000488     0x4  startup_stm32f4xx.o [1]
  .text     ro code  0x0800048c     0x4  startup_stm32f4xx.o [1]
  .text     ro code  0x08000490     0x4  startup_stm32f4xx.o [1]
  .text     ro code  0x08000494     0x4  startup_stm32f4xx.o [1]
  .text     ro code  0x08000498     0x4  startup_stm32f4xx.o [1]
  .text     ro code  0x0800049c     0x4  startup_stm32f4xx.o [1]
  .text     ro code  0x080004a0     0x4  startup_stm32f4xx.o [1]
  .text     ro code  0x080004a4     0x4  startup_stm32f4xx.o [1]
  .text     ro code  0x080004a8     0x4  startup_stm32f4xx.o [1]
  .text     ro code  0x080004ac     0x4  startup_stm32f4xx.o [1]
  .text     ro code  0x080004b0     0x4  startup_stm32f4xx.o [1]
  .text     ro code  0x080004b4     0x4  startup_stm32f4xx.o [1]
  .text     ro code  0x080004b8     0x4  startup_stm32f4xx.o [1]
  .text     ro code  0x080004bc     0x4  startup_stm32f4xx.o [1]
  .text     ro code  0x080004c0     0x4  startup_stm32f4xx.o [1]
  .text     ro code  0x080004c4     0x4  startup_stm32f4xx.o [1]
  .text     ro code  0x080004c8     0x4  startup_stm32f4xx.o [1]
  .text     ro code  0x080004cc     0x4  startup_stm32f4xx.o [1]
  .text     ro code  0x080004d0     0x4  startup_stm32f4xx.o [1]
  .text     ro code  0x080004d4     0x4  startup_stm32f4xx.o [1]
  .text     ro code  0x080004d8     0x4  startup_stm32f4xx.o [1]
  .text     ro code  0x080004dc     0x4  startup_stm32f4xx.o [1]
  .text     ro code  0x080004e0     0x4  startup_stm32f4xx.o [1]
  .text     ro code  0x080004e4     0x4  startup_stm32f4xx.o [1]
  .text     ro code  0x080004e8     0x4  startup_stm32f4xx.o [1]
  .text     ro code  0x080004ec     0x4  startup_stm32f4xx.o [1]
  .text     ro code  0x080004f0     0x4  startup_stm32f4xx.o [1]
  .text     ro code  0x080004f4     0x4  startup_stm32f4xx.o [1]
  .text     ro code  0x080004f8     0x4  startup_stm32f4xx.o [1]
  .text     ro code  0x080004fc     0x4  startup_stm32f4xx.o [1]
  .text     ro code  0x08000500     0x4  startup_stm32f4xx.o [1]
  .text     ro code  0x08000504     0x4  startup_stm32f4xx.o [1]
  .text     ro code  0x08000508     0x4  startup_stm32f4xx.o [1]
  .text     ro code  0x0800050c     0x4  startup_stm32f4xx.o [1]
  .text     ro code  0x08000510     0x4  startup_stm32f4xx.o [1]
  .text     ro code  0x08000514     0x4  startup_stm32f4xx.o [1]
  .text     ro code  0x08000518     0x4  startup_stm32f4xx.o [1]
  .text     ro code  0x0800051c     0x4  startup_stm32f4xx.o [1]
  .text     ro code  0x08000520     0x4  startup_stm32f4xx.o [1]
  .text     ro code  0x08000524     0x4  startup_stm32f4xx.o [1]
  .text     ro code  0x08000528     0x4  startup_stm32f4xx.o [1]
  .text     ro code  0x0800052c     0x4  startup_stm32f4xx.o [1]
  .text     ro code  0x08000530     0x4  startup_stm32f4xx.o [1]
  .text     ro code  0x08000534     0x4  startup_stm32f4xx.o [1]
  .text     ro code  0x08000538     0x4  startup_stm32f4xx.o [1]
  .text     ro code  0x0800053c     0x4  startup_stm32f4xx.o [1]
  .text     ro code  0x08000540     0x4  startup_stm32f4xx.o [1]
  .text     ro code  0x08000544     0x4  startup_stm32f4xx.o [1]
  .text     ro code  0x08000548     0x4  startup_stm32f4xx.o [1]
  .text     ro code  0x0800054c     0x4  startup_stm32f4xx.o [1]
  .text     ro code  0x08000550     0x4  startup_stm32f4xx.o [1]
  .text     ro code  0x08000554     0x4  startup_stm32f4xx.o [1]
  .text     ro code  0x08000558     0x4  startup_stm32f4xx.o [1]
  .text     ro code  0x0800055c     0x4  startup_stm32f4xx.o [1]
  .text     ro code  0x08000560     0x4  startup_stm32f4xx.o [1]
  .text     ro code  0x08000564     0x4  startup_stm32f4xx.o [1]
  .text     ro code  0x08000568     0x4  startup_stm32f4xx.o [1]
  .text     ro code  0x0800056c     0x4  startup_stm32f4xx.o [1]
  .text     ro code  0x08000570     0x4  startup_stm32f4xx.o [1]
  .text     ro code  0x08000574     0x4  startup_stm32f4xx.o [1]
  .text     ro code  0x08000578     0x4  startup_stm32f4xx.o [1]
  .text     ro code  0x0800057c     0x4  startup_stm32f4xx.o [1]
  .text     ro code  0x08000580     0x4  startup_stm32f4xx.o [1]
  .text     ro code  0x08000584     0x4  startup_stm32f4xx.o [1]
  .text     ro code  0x08000588     0x4  startup_stm32f4xx.o [1]
  .text     ro code  0x0800058c     0x4  startup_stm32f4xx.o [1]
  .text     ro code  0x08000590     0x4  startup_stm32f4xx.o [1]
  .text     ro code  0x08000594     0x4  startup_stm32f4xx.o [1]
  .text     ro code  0x08000598     0x4  startup_stm32f4xx.o [1]
  .text     ro code  0x0800059c     0x4  startup_stm32f4xx.o [1]
  .text     ro code  0x080005a0     0x4  startup_stm32f4xx.o [1]
  .text     ro code  0x080005a4     0x4  startup_stm32f4xx.o [1]
  .text     ro code  0x080005a8     0x4  startup_stm32f4xx.o [1]
  .text     ro code  0x080005ac     0x4  startup_stm32f4xx.o [1]
  .text     ro code  0x080005b0     0x4  startup_stm32f4xx.o [1]
  .text     ro code  0x080005b4     0x4  startup_stm32f4xx.o [1]
  .text     ro code  0x080005b8     0x4  startup_stm32f4xx.o [1]
  .text     ro code  0x080005bc     0x4  startup_stm32f4xx.o [1]
  .text     ro code  0x080005c0     0x4  startup_stm32f4xx.o [1]
  .text     ro code  0x080005c4     0x4  startup_stm32f4xx.o [1]
  .text     ro code  0x080005c8     0x4  startup_stm32f4xx.o [1]
  .text     ro code  0x080005cc     0x4  startup_stm32f4xx.o [1]
  .text     ro code  0x080005d0     0x4  startup_stm32f4xx.o [1]
  .text     ro code  0x080005d4     0x4  startup_stm32f4xx.o [1]
  .text     ro code  0x080005d8     0x4  startup_stm32f4xx.o [1]
  .text     ro code  0x080005dc     0x4  startup_stm32f4xx.o [1]
  .text     ro code  0x080005e0     0x4  startup_stm32f4xx.o [1]
  .text     ro code  0x080005e4     0x4  startup_stm32f4xx.o [1]
  .text     ro code  0x080005e8     0x4  startup_stm32f4xx.o [1]
  .text     ro code  0x080005ec     0x4  startup_stm32f4xx.o [1]
                   - 0x080005f0   0x468

"P3":                            0x2000
  CSTACK             0x10000000  0x2000  <Block>
    CSTACK  uninit   0x10000000  0x2000  <Block tail>
                   - 0x10002000  0x2000



*******************************************************************************
*** MODULE SUMMARY
***

    Module               ro code  rw data
    ------               -------  -------
C:\Users\gaith\Desktop\CSE 475\STM32\Debug\Obj: [1]
    main.o                    68
    startup_stm32f4xx.o      772
    stm32f4xx_gpio.o         168
    stm32f4xx_it.o            18
    stm32f4xx_rcc.o           36
    system_stm32f4xx.o       340
    -------------------------------------
    Total:                 1 402

command line: [2]
    -------------------------------------
    Total:

dl7M_tln.a: [3]
    exit.o                     4
    low_level_init.o           4
    -------------------------------------
    Total:                     8

m7M_tls.a: [4]
    fpinit_M.o                34
    -------------------------------------
    Total:                    34

rt7M_tl.a: [5]
    cexit.o                   10
    cmain.o                   26
    cstartup_M.o              12
    -------------------------------------
    Total:                    48

shb_l.a: [6]
    exit.o                    20
    -------------------------------------
    Total:                    20

    Gaps                       8
    Linker created                  8 192
-----------------------------------------
    Grand Total:           1 520    8 192


*******************************************************************************
*** ENTRY LIST
***

Entry                      Address  Size  Type      Object
-----                      -------  ----  ----      ------
?main                   0x08000411        Code  Gb  cmain.o [5]
BusFault_Handler        0x0800045b   0x2  Code  Gb  stm32f4xx_it.o [1]
CSTACK$$Base            0x10000000         --   Gb  - Linker created -
CSTACK$$Limit           0x10002000         --   Gb  - Linker created -
DebugMon_Handler        0x0800045f   0x2  Code  Gb  stm32f4xx_it.o [1]
GPIO_Init               0x080002dd  0xa4  Code  Gb  stm32f4xx_gpio.o [1]
GPIO_SetBits            0x08000381   0x4  Code  Gb  stm32f4xx_gpio.o [1]
HardFault_Handler       0x08000457   0x2  Code  Gb  stm32f4xx_it.o [1]
MemManage_Handler       0x08000459   0x2  Code  Gb  stm32f4xx_it.o [1]
NMI_Handler             0x08000455   0x2  Code  Gb  stm32f4xx_it.o [1]
PendSV_Handler          0x08000463   0x2  Code  Gb  stm32f4xx_it.o [1]
RCC_AHB1PeriphClockCmd  0x080003c9  0x20  Code  Gb  stm32f4xx_rcc.o [1]
Region$$Table$$Base     0x00000000         --   Gb  - Linker created -
Region$$Table$$Limit    0x00000000         --   Gb  - Linker created -
SVC_Handler             0x08000461   0x2  Code  Gb  stm32f4xx_it.o [1]
SetSysClock             0x080001db  0xce  Code  Lc  system_stm32f4xx.o [1]
SysTick_Handler         0x08000465   0x2  Code  Gb  stm32f4xx_it.o [1]
SystemInit              0x08000189  0x52  Code  Gb  system_stm32f4xx.o [1]
UsageFault_Handler      0x0800045d   0x2  Code  Gb  stm32f4xx_it.o [1]
__cmain                 0x08000411        Code  Gb  cmain.o [5]
__exit                  0x08000441  0x14  Code  Gb  exit.o [6]
__iar_init_vfp          0x080003ed        Code  Gb  fpinit_M.o [4]
__iar_program_start     0x08000479        Code  Gb  cstartup_M.o [5]
__iar_systems$$module {Abs}
                        0x00000001        Data  Gb  command line/config [2]
__low_level_init        0x0800042b   0x4  Code  Gb  low_level_init.o [3]
__vector_table          0x08000000        Data  Gb  startup_stm32f4xx.o [1]
_call_main              0x0800041d        Code  Gb  cmain.o [5]
_exit                   0x08000435        Code  Gb  cexit.o [5]
_main                   0x08000427        Code  Gb  cmain.o [5]
exit                    0x0800042f   0x4  Code  Gb  exit.o [3]
main                    0x08000385  0x44  Code  Gb  main.o [1]


[1] = C:\Users\gaith\Desktop\CSE 475\STM32\Debug\Obj
[2] = command line
[3] = dl7M_tln.a
[4] = m7M_tls.a
[5] = rt7M_tl.a
[6] = shb_l.a

  1 520 bytes of readonly  code memory
  8 192 bytes of readwrite data memory

Errors: none
Warnings: none
